args:
  args:
    - foo
    - bar
  status: 0
  out: |
    [ "foo", "bar" ]

complicated:
  status: 0
  out: |
    foo
    bar
    undefined
    ðŸ‘» ba # not a comment
      z ðŸ™ƒ
    [ "foo", "bar", "baz" ]

data:
  status: 0

errors:
  compile: |
    0:10 to 0:12 Error: syntax (ERROR)
    0:34 to 0:34 Error: syntax (MISSING ";")
    Error: Failed to compile.

hello:
  status: 0
  out: |
    Hello, world!
